../Core/Src/main.c:64:1:__io_putchar	16	static
../Core/Src/main.c:69:6:delay	16	static
../Core/Src/main.c:78:6:Set_Pin_Output	40	static
../Core/Src/main.c:92:6:Set_Pin_Input	40	static
../Core/Src/main.c:119:9:DHT11_Read	32	static
../Core/Src/main.c:231:5:main	8	static
../Core/Src/main.c:285:6:SystemClock_Config	88	static
../Core/Src/main.c:333:13:MX_TIM1_Init	32	static
../Core/Src/main.c:379:13:MX_USART2_UART_Init	8	static
../Core/Src/main.c:412:13:MX_GPIO_Init	48	static
../Core/Src/main.c:466:6:Error_Handler	4	static,ignoring_inline_asm
